// Jest Snapshot v1, https://goo.gl/fbAQLP

exports[`Alert component Matches the snapshot 1`] = `
<div
  className="alert"
>
  test
</div>
`;
